[debug] [2026-08-04T00:49:06.645Z] ----------------------------------------------------------------------
[debug] [2026-08-04T00:49:06.652Z] Command:       C:\Program Files\nodejs\node.exe C:\Users\HP\AppData\Roaming\npm\node_modules\firebase-tools\lib\bin\firebase.js deploy --only hosting
[debug] [2026-08-04T00:49:06.653Z] CLI Version:   15.25.1
[debug] [2026-08-04T00:49:06.653Z] Platform:      win32
[debug] [2026-08-04T00:49:06.653Z] Node Version:  v26.5.0
[debug] [2026-08-04T00:49:06.654Z] Detected Agent: unknown
[debug] [2026-08-04T00:49:06.654Z] Time:          Mon Aug 03 2026 20:49:06 GMT-0400 (Eastern Daylight Time)
[debug] [2026-08-04T00:49:06.654Z] ----------------------------------------------------------------------
[debug] 
[debug] [2026-08-04T00:49:10.397Z] > command requires scopes: ["email","openid","https://www.googleapis.com/auth/cloudplatformprojects.readonly","https://www.googleapis.com/auth/firebase","https://www.googleapis.com/auth/cloud-platform"]
[debug] [2026-08-04T00:49:10.398Z] > authorizing via signed-in user (imehsamuel155@gmail.com)
[debug] [2026-08-04T00:49:10.398Z] [iam] checking project dhltrackpackage for permissions ["firebase.projects.get","firebasehosting.sites.update"]
[debug] [2026-08-04T00:49:10.426Z] Checked if tokens are valid: true, expires at: 1785807755555
[debug] [2026-08-04T00:49:10.427Z] Checked if tokens are valid: true, expires at: 1785807755555
[debug] [2026-08-04T00:49:10.429Z] >>> [apiv2][query] POST https://cloudresourcemanager.googleapis.com/v1/projects/dhltrackpackage:testIamPermissions [none]
[debug] [2026-08-04T00:49:10.430Z] >>> [apiv2][(partial)header] POST https://cloudresourcemanager.googleapis.com/v1/projects/dhltrackpackage:testIamPermissions  x-goog-user-project=dhltrackpackage
[debug] [2026-08-04T00:49:10.430Z] >>> [apiv2][body] POST https://cloudresourcemanager.googleapis.com/v1/projects/dhltrackpackage:testIamPermissions {"permissions":["firebase.projects.get","firebasehosting.sites.update"]}
[debug] [2026-08-04T00:49:15.294Z] <<< [apiv2][status] POST https://cloudresourcemanager.googleapis.com/v1/projects/dhltrackpackage:testIamPermissions 200
[debug] [2026-08-04T00:49:15.294Z] <<< [apiv2][body] POST https://cloudresourcemanager.googleapis.com/v1/projects/dhltrackpackage:testIamPermissions {"permissions":["firebase.projects.get","firebasehosting.sites.update"]}
[debug] [2026-08-04T00:49:15.296Z] Checked if tokens are valid: true, expires at: 1785807755555
[debug] [2026-08-04T00:49:15.296Z] Checked if tokens are valid: true, expires at: 1785807755555
[debug] [2026-08-04T00:49:15.297Z] >>> [apiv2][query] GET https://firebase.googleapis.com/v1beta1/projects/dhltrackpackage [none]
